initial commit
update on abc
update on xyz
update on xyz 2
update on xyz 3
update on xyz 4
update on xyz 5
update on xyz 6
update on xyz 7
update on xyz 8
update on xyz 9
update on xyz 10 
